2025-12-12 12:08:11.953 WARNING streamlit.runtime.caching.cache_data_api: No runtime found, using MemoryCacheStorageManager
2025-12-12 12:08:11.957 WARNING streamlit.runtime.caching.cache_data_api: No runtime found, using MemoryCacheStorageManager
Traceback (most recent call last):
  File "/ems/elsc-labs/mizrahi-a/Shared/Amichai/Code/DB/Analysis/NPXL_analysis/NPXL_offline_analysis/batch_process.py", line 109, in batch_process_all_recordings
    main(parent_dir=parent_dir)
    ~~~~^^^^^^^^^^^^^^^^^^^^^^^
  File "/ems/elsc-labs/mizrahi-a/Shared/Amichai/Code/DB/Analysis/NPXL_analysis/NPXL_offline_analysis/main_refactored.py", line 108, in main
    OFC_all, ACx_all, data_dir_OFC, data_dir_ACx = load_data(
                                                   ~~~~~~~~~^
        data_dir_parent=parent_dir, data_dir_OFC=None, data_dir_ACx=None
        ^^^^^^^^^^^^^^^^^^^^^^^^^^^^^^^^^^^^^^^^^^^^^^^^^^^^^^^^^^^^^^^^
    )
    ^
  File "/ems/elsc-labs/mizrahi-a/Shared/Amichai/Code/DB/Analysis/NPXL_analysis/single_unit_offline_analysis/data_loading.py", line 61, in load_data
    raise FileNotFoundError(f"OFC data file not found: {ofc_path}")
FileNotFoundError: OFC data file not found: /ems/elsc-labs/mizrahi-a/Shared/Amichai/NPXL/Recs/group5/catGTGroup5/catgt_G5A1_naive_2b_4t_high_and_low_g0/G5A1_naive_2b_4t_high_and_low_g0_imec1/analysis_output/event_windows_matrix.npy
Traceback (most recent call last):
  File "/ems/elsc-labs/mizrahi-a/Shared/Amichai/Code/DB/Analysis/NPXL_analysis/NPXL_offline_analysis/batch_process.py", line 109, in batch_process_all_recordings
    main(parent_dir=parent_dir)
    ~~~~^^^^^^^^^^^^^^^^^^^^^^^
  File "/ems/elsc-labs/mizrahi-a/Shared/Amichai/Code/DB/Analysis/NPXL_analysis/NPXL_offline_analysis/main_refactored.py", line 108, in main
    OFC_all, ACx_all, data_dir_OFC, data_dir_ACx = load_data(
                                                   ~~~~~~~~~^
        data_dir_parent=parent_dir, data_dir_OFC=None, data_dir_ACx=None
        ^^^^^^^^^^^^^^^^^^^^^^^^^^^^^^^^^^^^^^^^^^^^^^^^^^^^^^^^^^^^^^^^
    )
    ^
  File "/ems/elsc-labs/mizrahi-a/Shared/Amichai/Code/DB/Analysis/NPXL_analysis/single_unit_offline_analysis/data_loading.py", line 61, in load_data
    raise FileNotFoundError(f"OFC data file not found: {ofc_path}")
FileNotFoundError: OFC data file not found: /ems/elsc-labs/mizrahi-a/Shared/Amichai/NPXL/Recs/group5/catGTGroup5/catgt_G5A2_naive_FRA_g0/G5A2_naive_FRA_g0_imec1/analysis_output/event_windows_matrix.npy
Traceback (most recent call last):
  File "/ems/elsc-labs/mizrahi-a/Shared/Amichai/Code/DB/Analysis/NPXL_analysis/NPXL_offline_analysis/batch_process.py", line 109, in batch_process_all_recordings
    main(parent_dir=parent_dir)
    ~~~~^^^^^^^^^^^^^^^^^^^^^^^
  File "/ems/elsc-labs/mizrahi-a/Shared/Amichai/Code/DB/Analysis/NPXL_analysis/NPXL_offline_analysis/main_refactored.py", line 108, in main
    OFC_all, ACx_all, data_dir_OFC, data_dir_ACx = load_data(
                                                   ~~~~~~~~~^
        data_dir_parent=parent_dir, data_dir_OFC=None, data_dir_ACx=None
        ^^^^^^^^^^^^^^^^^^^^^^^^^^^^^^^^^^^^^^^^^^^^^^^^^^^^^^^^^^^^^^^^
    )
    ^
  File "/ems/elsc-labs/mizrahi-a/Shared/Amichai/Code/DB/Analysis/NPXL_analysis/single_unit_offline_analysis/data_loading.py", line 61, in load_data
    raise FileNotFoundError(f"OFC data file not found: {ofc_path}")
FileNotFoundError: OFC data file not found: /ems/elsc-labs/mizrahi-a/Shared/Amichai/NPXL/Recs/group5/catGTGroup5/catgt_G5A3_1b_4t_new_g0/G5A3_1b_4t_new_g0_imec1/analysis_output/event_windows_matrix.npy
/ems/elsc-labs/mizrahi-a/Shared/Amichai/Code/DB/Analysis/NPXL_analysis/single_unit_offline_analysis/active_units.py:305: RuntimeWarning:

Mean of empty slice

/ems/elsc-labs/mizrahi-a/Shared/Amichai/Code/DB/Analysis/NPXL_analysis/single_unit_offline_analysis/active_units.py:306: RuntimeWarning:

Mean of empty slice

/ems/elsc-labs/mizrahi-a/Shared/Amichai/Code/DB/Analysis/NPXL_analysis/single_unit_offline_analysis/active_units.py:310: RuntimeWarning:

Mean of empty slice

/ems/elsc-labs/mizrahi-a/Shared/Amichai/Code/DB/Analysis/NPXL_analysis/single_unit_offline_analysis/active_units.py:311: RuntimeWarning:

Mean of empty slice

/ems/elsc-labs/mizrahi-a/Shared/Amichai/Code/DB/Analysis/NPXL_analysis/single_unit_offline_analysis/active_units.py:305: RuntimeWarning:

Mean of empty slice

/ems/elsc-labs/mizrahi-a/Shared/Amichai/Code/DB/Analysis/NPXL_analysis/single_unit_offline_analysis/active_units.py:306: RuntimeWarning:

Mean of empty slice

/ems/elsc-labs/mizrahi-a/Shared/Amichai/Code/DB/Analysis/NPXL_analysis/single_unit_offline_analysis/active_units.py:310: RuntimeWarning:

Mean of empty slice

/ems/elsc-labs/mizrahi-a/Shared/Amichai/Code/DB/Analysis/NPXL_analysis/single_unit_offline_analysis/active_units.py:311: RuntimeWarning:

Mean of empty slice

/ems/elsc-labs/mizrahi-a/Shared/Amichai/Code/DB/Analysis/NPXL_analysis/single_unit_offline_analysis/active_units.py:305: RuntimeWarning:

Mean of empty slice

/ems/elsc-labs/mizrahi-a/Shared/Amichai/Code/DB/Analysis/NPXL_analysis/single_unit_offline_analysis/active_units.py:306: RuntimeWarning:

Mean of empty slice

/ems/elsc-labs/mizrahi-a/Shared/Amichai/Code/DB/Analysis/NPXL_analysis/single_unit_offline_analysis/active_units.py:310: RuntimeWarning:

Mean of empty slice

/ems/elsc-labs/mizrahi-a/Shared/Amichai/Code/DB/Analysis/NPXL_analysis/single_unit_offline_analysis/active_units.py:311: RuntimeWarning:

Mean of empty slice

/ems/elsc-labs/mizrahi-a/Shared/Amichai/Code/DB/Analysis/NPXL_analysis/single_unit_offline_analysis/active_units.py:305: RuntimeWarning:

Mean of empty slice

/ems/elsc-labs/mizrahi-a/Shared/Amichai/Code/DB/Analysis/NPXL_analysis/single_unit_offline_analysis/active_units.py:306: RuntimeWarning:

Mean of empty slice

/ems/elsc-labs/mizrahi-a/Shared/Amichai/Code/DB/Analysis/NPXL_analysis/single_unit_offline_analysis/active_units.py:310: RuntimeWarning:

Mean of empty slice

/ems/elsc-labs/mizrahi-a/Shared/Amichai/Code/DB/Analysis/NPXL_analysis/single_unit_offline_analysis/active_units.py:311: RuntimeWarning:

Mean of empty slice

Traceback (most recent call last):
  File "/ems/elsc-labs/mizrahi-a/Shared/Amichai/Code/DB/Analysis/NPXL_analysis/NPXL_offline_analysis/batch_process.py", line 109, in batch_process_all_recordings
    main(parent_dir=parent_dir)
    ~~~~^^^^^^^^^^^^^^^^^^^^^^^
  File "/ems/elsc-labs/mizrahi-a/Shared/Amichai/Code/DB/Analysis/NPXL_analysis/NPXL_offline_analysis/main_refactored.py", line 108, in main
    OFC_all, ACx_all, data_dir_OFC, data_dir_ACx = load_data(
                                                   ~~~~~~~~~^
        data_dir_parent=parent_dir, data_dir_OFC=None, data_dir_ACx=None
        ^^^^^^^^^^^^^^^^^^^^^^^^^^^^^^^^^^^^^^^^^^^^^^^^^^^^^^^^^^^^^^^^
    )
    ^
  File "/ems/elsc-labs/mizrahi-a/Shared/Amichai/Code/DB/Analysis/NPXL_analysis/single_unit_offline_analysis/data_loading.py", line 61, in load_data
    raise FileNotFoundError(f"OFC data file not found: {ofc_path}")
FileNotFoundError: OFC data file not found: /ems/elsc-labs/mizrahi-a/Shared/Amichai/NPXL/Recs/group7/catgt_G7A1_novice_2b_4t_g0/G7A1_novice_2b_4t_g0_imec1/analysis_output/event_windows_matrix.npy
/ems/elsc-labs/mizrahi-a/Shared/Amichai/Code/DB/Analysis/NPXL_analysis/single_unit_offline_analysis/active_units.py:305: RuntimeWarning:

Mean of empty slice

/ems/elsc-labs/mizrahi-a/Shared/Amichai/Code/DB/Analysis/NPXL_analysis/single_unit_offline_analysis/active_units.py:306: RuntimeWarning:

Mean of empty slice

/ems/elsc-labs/mizrahi-a/amichai.lavi/miniconda3/lib/python3.13/site-packages/scipy/stats/_axis_nan_policy.py:423: RuntimeWarning:

Precision loss occurred in moment calculation due to catastrophic cancellation. This occurs when the data are nearly identical. Results may be unreliable.

/ems/elsc-labs/mizrahi-a/Shared/Amichai/Code/DB/Analysis/NPXL_analysis/single_unit_offline_analysis/active_units.py:305: RuntimeWarning:

Mean of empty slice

/ems/elsc-labs/mizrahi-a/Shared/Amichai/Code/DB/Analysis/NPXL_analysis/single_unit_offline_analysis/active_units.py:306: RuntimeWarning:

Mean of empty slice

/ems/elsc-labs/mizrahi-a/amichai.lavi/miniconda3/lib/python3.13/site-packages/scipy/stats/_axis_nan_policy.py:423: RuntimeWarning:

Precision loss occurred in moment calculation due to catastrophic cancellation. This occurs when the data are nearly identical. Results may be unreliable.

/ems/elsc-labs/mizrahi-a/Shared/Amichai/Code/DB/Analysis/NPXL_analysis/single_unit_offline_analysis/active_units.py:305: RuntimeWarning:

Mean of empty slice

/ems/elsc-labs/mizrahi-a/Shared/Amichai/Code/DB/Analysis/NPXL_analysis/single_unit_offline_analysis/active_units.py:306: RuntimeWarning:

Mean of empty slice

/ems/elsc-labs/mizrahi-a/amichai.lavi/miniconda3/lib/python3.13/site-packages/scipy/stats/_axis_nan_policy.py:423: RuntimeWarning:

Precision loss occurred in moment calculation due to catastrophic cancellation. This occurs when the data are nearly identical. Results may be unreliable.

/ems/elsc-labs/mizrahi-a/Shared/Amichai/Code/DB/Analysis/NPXL_analysis/single_unit_offline_analysis/active_units.py:305: RuntimeWarning:

Mean of empty slice

/ems/elsc-labs/mizrahi-a/Shared/Amichai/Code/DB/Analysis/NPXL_analysis/single_unit_offline_analysis/active_units.py:306: RuntimeWarning:

Mean of empty slice

/ems/elsc-labs/mizrahi-a/amichai.lavi/miniconda3/lib/python3.13/site-packages/scipy/stats/_axis_nan_policy.py:423: RuntimeWarning:

Precision loss occurred in moment calculation due to catastrophic cancellation. This occurs when the data are nearly identical. Results may be unreliable.

/ems/elsc-labs/mizrahi-a/amichai.lavi/miniconda3/lib/python3.13/site-packages/scipy/stats/_axis_nan_policy.py:579: ConstantInputWarning:

Each of the input arrays is constant; the F statistic is not defined or infinite

/ems/elsc-labs/mizrahi-a/amichai.lavi/miniconda3/lib/python3.13/site-packages/scipy/stats/_axis_nan_policy.py:579: ConstantInputWarning:

Each of the input arrays is constant; the F statistic is not defined or infinite

